#1 [internal] load local bake definitions
#1 reading from stdin 1.63kB done
#1 DONE 0.0s

#2 [gateway internal] load build definition from Dockerfile
#2 ...

#3 [frontend internal] load build definition from Dockerfile
#3 transferring dockerfile: 402B 0.0s done
#3 DONE 0.1s

#2 [engine internal] load build definition from Dockerfile
#2 transferring dockerfile: 493B 0.0s done
#2 DONE 0.1s

#4 [frontend internal] load metadata for docker.io/library/node:22-alpine
#4 DONE 0.0s

#5 [engine internal] load metadata for docker.io/library/alpine:3.22
#5 ...

#6 [frontend internal] load metadata for docker.io/library/nginx:1.27-alpine
#6 DONE 2.6s

#7 [frontend internal] load .dockerignore
#7 transferring context: 66B 0.0s done
#7 DONE 0.1s

#5 [gateway internal] load metadata for docker.io/library/alpine:3.22
#5 DONE 2.7s

#8 [engine internal] load metadata for docker.io/library/golang:1.25-alpine
#8 DONE 2.7s

#9 [frontend build 1/6] FROM docker.io/library/node:22-alpine
#9 DONE 0.0s

#10 [frontend stage-1 1/3] FROM docker.io/library/nginx:1.27-alpine@sha256:65645c7bb6a0661892a8b03b89d0743208a18dd2f3f17a54ef4b76fb8e2f2a10
#10 DONE 0.0s

#11 [gateway internal] load .dockerignore
#11 transferring context: 129B 0.0s done
#11 DONE 0.1s

#12 [frontend internal] load build context
#12 transferring context: 1.17kB 0.0s done
#12 DONE 0.1s

#13 [frontend build 2/6] WORKDIR /app
#13 CACHED

#14 [frontend build 6/6] RUN npm run build
#14 CACHED

#15 [frontend stage-1 2/3] COPY nginx.conf /etc/nginx/conf.d/default.conf
#15 CACHED

#16 [frontend build 4/6] RUN npm ci
#16 CACHED

#17 [frontend build 3/6] COPY package.json package-lock.json ./
#17 CACHED

#18 [frontend build 5/6] COPY . .
#18 CACHED

#19 [frontend stage-1 3/3] COPY --from=build /app/dist /usr/share/nginx/html
#19 CACHED

#20 [gateway stage-1 1/5] FROM docker.io/library/alpine:3.22@sha256:14358309a308569c32bdc37e2e0e9694be33a9d99e68afb0f5ff33cc1f695dce
#20 DONE 0.0s

#21 [gateway build 1/7] FROM docker.io/library/golang:1.25-alpine@sha256:1ae0735f00daffa3aaf1363a5184c0d2dc55c78e3db4ec70241cdac97bf84b59
#21 DONE 0.0s

#22 [frontend] exporting to image
#22 exporting layers done
#22 writing image sha256:5740b6ca9fbf2a21910b9a591aac8f619ea081b24f09a79279a7ff98efb8b97e 0.0s done
#22 naming to docker.io/library/deployments-frontend 0.0s done
#22 DONE 0.1s

#23 [gateway internal] load build context
#23 transferring context: 6.93kB 0.1s done
#23 transferring context: 6.93kB 0.1s done
#23 DONE 0.1s

#24 [gateway build 4/7] COPY go.mod go.sum ./
#24 CACHED

#25 [gateway build 6/7] COPY . .
#25 CACHED

#26 [gateway stage-1 4/5] COPY --from=build /out/service /app/service
#26 CACHED

#27 [gateway stage-1 3/5] WORKDIR /app
#27 CACHED

#28 [gateway stage-1 2/5] RUN apk add --no-cache ca-certificates wget
#28 CACHED

#29 [gateway build 5/7] RUN go mod download
#29 CACHED

#30 [gateway build 3/7] WORKDIR /src
#30 CACHED

#31 [gateway build 2/7] RUN apk add --no-cache build-base
#31 CACHED

#32 [gateway build 7/7] RUN --mount=type=cache,target=/root/.cache/go-build CGO_ENABLED=1 GOOS=linux go build -trimpath -o /out/service ./cmd/gateway
#32 CACHED

#33 [gateway stage-1 5/5] COPY data /app/data
#33 CACHED

#34 [engine stage-1 4/5] COPY --from=build /out/service /app/service
#34 CACHED

#35 [engine build 7/7] RUN --mount=type=cache,target=/root/.cache/go-build CGO_ENABLED=1 GOOS=linux go build -trimpath -o /out/service ./cmd/engine
#35 CACHED

#36 [engine stage-1 5/5] COPY data /app/data
#36 CACHED

#29 [engine build 5/7] RUN go mod download
#29 CACHED

#24 [engine build 4/7] COPY go.mod go.sum ./
#24 CACHED

#28 [engine stage-1 2/5] RUN apk add --no-cache ca-certificates wget
#28 CACHED

#25 [engine build 6/7] COPY . .
#25 CACHED

#27 [engine stage-1 3/5] WORKDIR /app
#27 CACHED

#31 [engine build 2/7] RUN apk add --no-cache build-base
#31 CACHED

#30 [engine build 3/7] WORKDIR /src
#30 CACHED

#37 [gateway] exporting to image
#37 exporting layers done
#37 writing image sha256:8ff16e723c3659acf4f41a1c5b13a3466778ca1b6d6eb55b353b0adce81faad2 0.0s done
#37 naming to docker.io/library/deployments-gateway 0.0s done
#37 DONE 0.1s

#38 [frontend] resolving provenance for metadata file
#38 DONE 0.0s

#39 [engine] exporting to image
#39 exporting layers done
#39 writing image sha256:d70a642861324d9a8d26a96bf43dddd45781eed86a4cdc5096b9bc7f420b2976 0.0s done
#39 naming to docker.io/library/deployments-engine 0.0s done
#39 DONE 0.1s

#40 [gateway] resolving provenance for metadata file
#40 DONE 0.1s

#41 [engine] resolving provenance for metadata file
#41 DONE 0.0s
PASS: 1000-device heterogeneous full-system soak; evidence: C:\Users\akash\PROJECTS\Polaris\v3.0\PHASE_4_2_STABILITY_SOAK_RESULT.json and C:\Users\akash\PROJECTS\Polaris\v3.0\PHASE_4_2_STABILITY_CONTAINER_STATS.jsonl
