 deployments-gateway  Built
 deployments-engine  Built
 deployments-frontend  Built
time="2026-08-20T14:32:21+05:30" level=warning msg="Found orphan containers ([polaris_osrm_v3]) for this project. If you removed or renamed this service in your compose file, you can run this command with the --remove-orphans flag to clean it up."
 Container deployments-redis-1  Recreate
 Container deployments-postgres-1  Recreate
 Container deployments-redpanda-1  Recreate
 Container deployments-redis-1  Recreated
 Container deployments-redpanda-1  Recreated
 Container deployments-kafka-init-1  Recreate
 Container deployments-kafka-init-1  Recreated
 Container deployments-postgres-1  Recreated
 Container deployments-postgres-migrate-1  Recreate
 Container deployments-postgres-migrate-1  Recreated
 Container deployments-gateway-1  Recreate
 Container deployments-engine-1  Recreate
 Container deployments-gateway-1  Recreated
 Container deployments-engine-1  Recreated
 Container deployments-frontend-1  Recreate
 Container deployments-frontend-1  Recreated
 Container deployments-postgres-1  Starting
 Container deployments-redis-1  Starting
 Container deployments-redpanda-1  Starting
 Container deployments-redis-1  Started
 Container deployments-redpanda-1  Started
 Container deployments-redpanda-1  Waiting
 Container deployments-postgres-1  Started
 Container deployments-postgres-1  Waiting
 Container deployments-postgres-1  Healthy
 Container deployments-postgres-migrate-1  Starting
 Container deployments-postgres-migrate-1  Started
 Container deployments-redpanda-1  Healthy
 Container deployments-kafka-init-1  Starting
 Container deployments-kafka-init-1  Started
 Container deployments-postgres-migrate-1  Waiting
 Container deployments-kafka-init-1  Waiting
 Container deployments-redis-1  Waiting
 Container deployments-postgres-migrate-1  Waiting
 Container deployments-kafka-init-1  Waiting
 Container deployments-redis-1  Waiting
 Container deployments-redis-1  Healthy
 Container deployments-redis-1  Healthy
 Container deployments-kafka-init-1  Exited
 Container deployments-kafka-init-1  Exited
 Container deployments-postgres-migrate-1  Exited
 Container deployments-postgres-migrate-1  Exited
 Container deployments-gateway-1  Starting
 Container deployments-engine-1  Starting
 Container deployments-gateway-1  Started
 Container deployments-engine-1  Started
 Container deployments-engine-1  Waiting
 Container deployments-gateway-1  Waiting
 Container deployments-gateway-1  Healthy
 Container deployments-engine-1  Healthy
 Container deployments-frontend-1  Starting
 Container deployments-frontend-1  Started
 Container deployments-postgres-1  Waiting
 Container deployments-postgres-migrate-1  Waiting
 Container deployments-gateway-1  Waiting
 Container deployments-engine-1  Waiting
 Container deployments-frontend-1  Waiting
 Container deployments-redpanda-1  Waiting
 Container deployments-redis-1  Waiting
 Container deployments-kafka-init-1  Waiting
 Container deployments-gateway-1  Healthy
 Container deployments-postgres-migrate-1  Exited
 Container deployments-redis-1  Healthy
 Container deployments-postgres-1  Healthy
 Container deployments-redpanda-1  Healthy
 Container deployments-engine-1  Healthy
 Container deployments-kafka-init-1  Exited
 Container deployments-frontend-1  Healthy
